// Vitest Snapshot v1, https://vitest.dev/guide/snapshot.html

exports[`add 1`] = `"ap"`;
