// Vitest Snapshot v1, https://vitest.dev/guide/snapshot.html

exports[`Markdown complie cases > Compile title 1`] = `"<h1>123</h1>"`;
